[2025-12-01 16:53:47] Login attempt raw input: {"email":"shahnoormaymuna@gmail.com","password":"shahnoormaymuna@gmail.com"}
[2025-12-01 16:53:47] Checking credentials for: shahnoormaymuna@gmail.com
[2025-12-01 16:53:47] User found: shahnoormaymuna@gmail.com
[2025-12-01 16:53:47] Password match successful
[2025-12-01 17:03:18] Login attempt raw input: {"email":"shahnoormaymuna@gmail.com","password":"shahnoormaymuna@gmail.com"}
[2025-12-01 17:03:18] Checking credentials for: shahnoormaymuna@gmail.com
[2025-12-01 17:03:18] User found: shahnoormaymuna@gmail.com
[2025-12-01 17:03:18] Password match successful
[2025-12-01 17:03:29] Login attempt raw input: {"email":"shahnoormaymuna@gmail.com","password":"shahnoormaymuna@gmail.co"}
[2025-12-01 17:03:29] Checking credentials for: shahnoormaymuna@gmail.com
[2025-12-01 17:03:29] User found: shahnoormaymuna@gmail.com
[2025-12-01 17:03:29] Password mismatch. Input: 'shahnoormaymuna@gmail.co', Stored: 'shahnoormaymuna@gmail.com'
[2025-12-01 17:03:33] Login attempt raw input: {"email":"shahnoormaymuna@gmail.com","password":"shahnoormaymuna@gmail.com"}
[2025-12-01 17:03:33] Checking credentials for: shahnoormaymuna@gmail.com
[2025-12-01 17:03:33] User found: shahnoormaymuna@gmail.com
[2025-12-01 17:03:33] Password match successful
[2025-12-01 17:04:48] Login attempt raw input: {"email":"shahnoormaymuna@gmail.com","password":"shahnoormaymuna@gmail.com"}
[2025-12-01 17:04:48] Checking credentials for: shahnoormaymuna@gmail.com
[2025-12-01 17:04:48] User found: shahnoormaymuna@gmail.com
[2025-12-01 17:04:48] Password match successful
